[Sun Nov 17 19:46:44 MSK 2024] [INFO] Installing admin tools...
[Sun Nov 17 19:46:44 MSK 2024] [INFO] Installing admin components to kube-system namespace
[Sun Nov 17 19:46:44 MSK 2024] [INFO] Installing headlamp
service/headlamp unchanged
deployment.apps/headlamp unchanged
secret/headlamp-admin unchanged
ingress.networking.k8s.io/headlamp unchanged
serviceaccount/headlamp-admin unchanged
clusterrolebinding.rbac.authorization.k8s.io/headlamp-admin unchanged
[Sun Nov 17 19:46:49 MSK 2024] [INFO] Installing longhorn
NAME              STATUS   AGE
longhorn-system   Active   36d
namespace/longhorn-system unchanged
priorityclass.scheduling.k8s.io/longhorn-critical configured
serviceaccount/longhorn-service-account unchanged
serviceaccount/longhorn-ui-service-account unchanged
serviceaccount/longhorn-support-bundle unchanged
configmap/longhorn-default-setting unchanged
configmap/longhorn-storageclass unchanged
customresourcedefinition.apiextensions.k8s.io/backingimagedatasources.longhorn.io configured
customresourcedefinition.apiextensions.k8s.io/backingimagemanagers.longhorn.io configured
customresourcedefinition.apiextensions.k8s.io/backingimages.longhorn.io configured
customresourcedefinition.apiextensions.k8s.io/backupbackingimages.longhorn.io configured
customresourcedefinition.apiextensions.k8s.io/backups.longhorn.io configured
customresourcedefinition.apiextensions.k8s.io/backuptargets.longhorn.io configured
customresourcedefinition.apiextensions.k8s.io/backupvolumes.longhorn.io configured
customresourcedefinition.apiextensions.k8s.io/engineimages.longhorn.io configured
customresourcedefinition.apiextensions.k8s.io/engines.longhorn.io configured
customresourcedefinition.apiextensions.k8s.io/instancemanagers.longhorn.io configured
customresourcedefinition.apiextensions.k8s.io/nodes.longhorn.io configured
customresourcedefinition.apiextensions.k8s.io/orphans.longhorn.io configured
customresourcedefinition.apiextensions.k8s.io/recurringjobs.longhorn.io configured
customresourcedefinition.apiextensions.k8s.io/replicas.longhorn.io configured
customresourcedefinition.apiextensions.k8s.io/settings.longhorn.io configured
customresourcedefinition.apiextensions.k8s.io/sharemanagers.longhorn.io configured
customresourcedefinition.apiextensions.k8s.io/snapshots.longhorn.io configured
customresourcedefinition.apiextensions.k8s.io/supportbundles.longhorn.io configured
customresourcedefinition.apiextensions.k8s.io/systembackups.longhorn.io configured
customresourcedefinition.apiextensions.k8s.io/systemrestores.longhorn.io configured
customresourcedefinition.apiextensions.k8s.io/volumes.longhorn.io configured
customresourcedefinition.apiextensions.k8s.io/volumeattachments.longhorn.io configured
clusterrole.rbac.authorization.k8s.io/longhorn-role unchanged
clusterrolebinding.rbac.authorization.k8s.io/longhorn-bind unchanged
clusterrolebinding.rbac.authorization.k8s.io/longhorn-support-bundle unchanged
service/longhorn-backend unchanged
service/longhorn-frontend configured
service/longhorn-conversion-webhook unchanged
service/longhorn-admission-webhook unchanged
service/longhorn-recovery-backend unchanged
service/longhorn-engine-manager unchanged
service/longhorn-replica-manager unchanged
daemonset.apps/longhorn-manager unchanged
deployment.apps/longhorn-driver-deployer unchanged
deployment.apps/longhorn-ui unchanged
ingress.networking.k8s.io/longhorn unchanged
[Sun Nov 17 19:46:57 MSK 2024] [INFO] Enabling traefik dashboard
helmchartconfig.helm.cattle.io/traefik unchanged
ingress.networking.k8s.io/traefik-dashboard unchanged
[Sun Nov 17 19:46:58 MSK 2024] [INFO] Installing registry...
[Sun Nov 17 19:46:58 MSK 2024] [INFO] Installing Harbor registry
[Sun Nov 17 19:46:59 MSK 2024] [INFO] Harbor already installed
[Sun Nov 17 19:46:59 MSK 2024] [INFO] Installing CI/CD tools...
[Sun Nov 17 19:46:59 MSK 2024] [INFO] Installing Tekton
NAME               STATUS   AGE
tekton-pipelines   Active   35d
NAME                         STATUS   AGE
tekton-pipelines-resolvers   Active   35d
namespace/tekton-pipelines unchanged
clusterrole.rbac.authorization.k8s.io/tekton-pipelines-controller-cluster-access unchanged
clusterrole.rbac.authorization.k8s.io/tekton-pipelines-controller-tenant-access unchanged
clusterrole.rbac.authorization.k8s.io/tekton-pipelines-webhook-cluster-access unchanged
clusterrole.rbac.authorization.k8s.io/tekton-events-controller-cluster-access unchanged
role.rbac.authorization.k8s.io/tekton-pipelines-controller unchanged
role.rbac.authorization.k8s.io/tekton-pipelines-webhook unchanged
role.rbac.authorization.k8s.io/tekton-pipelines-events-controller unchanged
role.rbac.authorization.k8s.io/tekton-pipelines-leader-election unchanged
role.rbac.authorization.k8s.io/tekton-pipelines-info unchanged
serviceaccount/tekton-pipelines-controller unchanged
serviceaccount/tekton-pipelines-webhook unchanged
serviceaccount/tekton-events-controller unchanged
clusterrolebinding.rbac.authorization.k8s.io/tekton-pipelines-controller-cluster-access unchanged
clusterrolebinding.rbac.authorization.k8s.io/tekton-pipelines-controller-tenant-access unchanged
clusterrolebinding.rbac.authorization.k8s.io/tekton-pipelines-webhook-cluster-access unchanged
clusterrolebinding.rbac.authorization.k8s.io/tekton-events-controller-cluster-access unchanged
rolebinding.rbac.authorization.k8s.io/tekton-pipelines-controller unchanged
rolebinding.rbac.authorization.k8s.io/tekton-pipelines-webhook unchanged
rolebinding.rbac.authorization.k8s.io/tekton-pipelines-controller-leaderelection unchanged
rolebinding.rbac.authorization.k8s.io/tekton-pipelines-webhook-leaderelection unchanged
rolebinding.rbac.authorization.k8s.io/tekton-pipelines-info unchanged
rolebinding.rbac.authorization.k8s.io/tekton-pipelines-events-controller unchanged
rolebinding.rbac.authorization.k8s.io/tekton-events-controller-leaderelection unchanged
customresourcedefinition.apiextensions.k8s.io/clustertasks.tekton.dev configured
customresourcedefinition.apiextensions.k8s.io/customruns.tekton.dev configured
customresourcedefinition.apiextensions.k8s.io/pipelines.tekton.dev configured
customresourcedefinition.apiextensions.k8s.io/pipelineruns.tekton.dev configured
customresourcedefinition.apiextensions.k8s.io/resolutionrequests.resolution.tekton.dev unchanged
customresourcedefinition.apiextensions.k8s.io/stepactions.tekton.dev configured
customresourcedefinition.apiextensions.k8s.io/tasks.tekton.dev configured
customresourcedefinition.apiextensions.k8s.io/taskruns.tekton.dev configured
customresourcedefinition.apiextensions.k8s.io/verificationpolicies.tekton.dev unchanged
secret/webhook-certs unchanged
validatingwebhookconfiguration.admissionregistration.k8s.io/validation.webhook.pipeline.tekton.dev unchanged
mutatingwebhookconfiguration.admissionregistration.k8s.io/webhook.pipeline.tekton.dev unchanged
validatingwebhookconfiguration.admissionregistration.k8s.io/config.webhook.pipeline.tekton.dev unchanged
clusterrole.rbac.authorization.k8s.io/tekton-aggregate-edit unchanged
clusterrole.rbac.authorization.k8s.io/tekton-aggregate-view unchanged
configmap/config-defaults unchanged
configmap/config-events unchanged
configmap/feature-flags unchanged
configmap/pipelines-info unchanged
configmap/config-leader-election-controller unchanged
configmap/config-leader-election-events unchanged
configmap/config-leader-election-webhook unchanged
configmap/config-logging unchanged
configmap/config-observability unchanged
configmap/config-registry-cert unchanged
configmap/config-spire unchanged
configmap/config-tracing unchanged
deployment.apps/tekton-pipelines-controller unchanged
service/tekton-pipelines-controller unchanged
deployment.apps/tekton-events-controller configured
service/tekton-events-controller unchanged
namespace/tekton-pipelines-resolvers unchanged
clusterrole.rbac.authorization.k8s.io/tekton-pipelines-resolvers-resolution-request-updates unchanged
role.rbac.authorization.k8s.io/tekton-pipelines-resolvers-namespace-rbac unchanged
serviceaccount/tekton-pipelines-resolvers unchanged
clusterrolebinding.rbac.authorization.k8s.io/tekton-pipelines-resolvers unchanged
rolebinding.rbac.authorization.k8s.io/tekton-pipelines-resolvers-namespace-rbac unchanged
configmap/bundleresolver-config unchanged
configmap/cluster-resolver-config unchanged
configmap/resolvers-feature-flags unchanged
configmap/config-leader-election-resolvers unchanged
configmap/config-logging unchanged
configmap/config-observability unchanged
configmap/git-resolver-config unchanged
configmap/http-resolver-config unchanged
configmap/hubresolver-config unchanged
deployment.apps/tekton-pipelines-remote-resolvers configured
service/tekton-pipelines-remote-resolvers unchanged
horizontalpodautoscaler.autoscaling/tekton-pipelines-webhook unchanged
deployment.apps/tekton-pipelines-webhook unchanged
service/tekton-pipelines-webhook unchanged
clusterrole.rbac.authorization.k8s.io/tekton-triggers-admin unchanged
clusterrole.rbac.authorization.k8s.io/tekton-triggers-core-interceptors unchanged
clusterrole.rbac.authorization.k8s.io/tekton-triggers-core-interceptors-secrets unchanged
clusterrole.rbac.authorization.k8s.io/tekton-triggers-eventlistener-roles unchanged
clusterrole.rbac.authorization.k8s.io/tekton-triggers-eventlistener-clusterroles unchanged
role.rbac.authorization.k8s.io/tekton-triggers-admin-webhook unchanged
role.rbac.authorization.k8s.io/tekton-triggers-core-interceptors unchanged
role.rbac.authorization.k8s.io/tekton-triggers-info unchanged
serviceaccount/tekton-triggers-controller unchanged
serviceaccount/tekton-triggers-webhook unchanged
serviceaccount/tekton-triggers-core-interceptors unchanged
clusterrolebinding.rbac.authorization.k8s.io/tekton-triggers-controller-admin unchanged
clusterrolebinding.rbac.authorization.k8s.io/tekton-triggers-webhook-admin unchanged
clusterrolebinding.rbac.authorization.k8s.io/tekton-triggers-core-interceptors unchanged
clusterrolebinding.rbac.authorization.k8s.io/tekton-triggers-core-interceptors-secrets unchanged
rolebinding.rbac.authorization.k8s.io/tekton-triggers-webhook-admin unchanged
rolebinding.rbac.authorization.k8s.io/tekton-triggers-core-interceptors unchanged
rolebinding.rbac.authorization.k8s.io/tekton-triggers-info unchanged
customresourcedefinition.apiextensions.k8s.io/clusterinterceptors.triggers.tekton.dev unchanged
customresourcedefinition.apiextensions.k8s.io/clustertriggerbindings.triggers.tekton.dev unchanged
customresourcedefinition.apiextensions.k8s.io/eventlisteners.triggers.tekton.dev unchanged
customresourcedefinition.apiextensions.k8s.io/interceptors.triggers.tekton.dev unchanged
customresourcedefinition.apiextensions.k8s.io/triggers.triggers.tekton.dev unchanged
customresourcedefinition.apiextensions.k8s.io/triggerbindings.triggers.tekton.dev unchanged
customresourcedefinition.apiextensions.k8s.io/triggertemplates.triggers.tekton.dev unchanged
secret/triggers-webhook-certs unchanged
validatingwebhookconfiguration.admissionregistration.k8s.io/validation.webhook.triggers.tekton.dev unchanged
mutatingwebhookconfiguration.admissionregistration.k8s.io/webhook.triggers.tekton.dev unchanged
validatingwebhookconfiguration.admissionregistration.k8s.io/config.webhook.triggers.tekton.dev unchanged
clusterrole.rbac.authorization.k8s.io/tekton-triggers-aggregate-edit unchanged
clusterrole.rbac.authorization.k8s.io/tekton-triggers-aggregate-view unchanged
configmap/config-defaults-triggers unchanged
configmap/feature-flags-triggers unchanged
configmap/triggers-info unchanged
configmap/config-leader-election-triggers-controller unchanged
configmap/config-leader-election-triggers-webhook unchanged
configmap/config-logging-triggers unchanged
configmap/config-observability-triggers unchanged
service/tekton-triggers-controller unchanged
deployment.apps/tekton-triggers-controller unchanged
service/tekton-triggers-webhook unchanged
deployment.apps/tekton-triggers-webhook unchanged
secret/tekton-triggers-core-interceptors-certs unchanged
deployment.apps/tekton-triggers-core-interceptors unchanged
service/tekton-triggers-core-interceptors unchanged
clusterinterceptor.triggers.tekton.dev/cel unchanged
clusterinterceptor.triggers.tekton.dev/bitbucket unchanged
clusterinterceptor.triggers.tekton.dev/slack unchanged
clusterinterceptor.triggers.tekton.dev/github unchanged
clusterinterceptor.triggers.tekton.dev/gitlab unchanged
customresourcedefinition.apiextensions.k8s.io/extensions.dashboard.tekton.dev configured
serviceaccount/tekton-dashboard unchanged
role.rbac.authorization.k8s.io/tekton-dashboard-info unchanged
clusterrole.rbac.authorization.k8s.io/tekton-dashboard-backend unchanged
clusterrole.rbac.authorization.k8s.io/tekton-dashboard-tenant unchanged
rolebinding.rbac.authorization.k8s.io/tekton-dashboard-info unchanged
clusterrolebinding.rbac.authorization.k8s.io/tekton-dashboard-backend unchanged
configmap/dashboard-info unchanged
service/tekton-dashboard unchanged
deployment.apps/tekton-dashboard configured
clusterrolebinding.rbac.authorization.k8s.io/tekton-dashboard-tenant unchanged
persistentvolumeclaim/shared-workspace-pvc unchanged
ingress.networking.k8s.io/tekton-dashboard unchanged
[Sun Nov 17 19:47:27 MSK 2024] [INFO] Installing Argo CD
NAME     STATUS   AGE
argocd   Active   28d
customresourcedefinition.apiextensions.k8s.io/applications.argoproj.io unchanged
customresourcedefinition.apiextensions.k8s.io/applicationsets.argoproj.io unchanged
customresourcedefinition.apiextensions.k8s.io/appprojects.argoproj.io unchanged
serviceaccount/argocd-application-controller unchanged
serviceaccount/argocd-applicationset-controller unchanged
serviceaccount/argocd-dex-server unchanged
serviceaccount/argocd-notifications-controller unchanged
serviceaccount/argocd-redis unchanged
serviceaccount/argocd-repo-server unchanged
serviceaccount/argocd-server unchanged
role.rbac.authorization.k8s.io/argocd-application-controller unchanged
role.rbac.authorization.k8s.io/argocd-applicationset-controller unchanged
role.rbac.authorization.k8s.io/argocd-dex-server unchanged
role.rbac.authorization.k8s.io/argocd-notifications-controller unchanged
role.rbac.authorization.k8s.io/argocd-redis unchanged
role.rbac.authorization.k8s.io/argocd-server unchanged
clusterrole.rbac.authorization.k8s.io/argocd-application-controller unchanged
clusterrole.rbac.authorization.k8s.io/argocd-applicationset-controller unchanged
clusterrole.rbac.authorization.k8s.io/argocd-server unchanged
rolebinding.rbac.authorization.k8s.io/argocd-application-controller unchanged
rolebinding.rbac.authorization.k8s.io/argocd-applicationset-controller unchanged
rolebinding.rbac.authorization.k8s.io/argocd-dex-server unchanged
rolebinding.rbac.authorization.k8s.io/argocd-notifications-controller unchanged
rolebinding.rbac.authorization.k8s.io/argocd-redis unchanged
rolebinding.rbac.authorization.k8s.io/argocd-server unchanged
clusterrolebinding.rbac.authorization.k8s.io/argocd-application-controller unchanged
clusterrolebinding.rbac.authorization.k8s.io/argocd-applicationset-controller unchanged
clusterrolebinding.rbac.authorization.k8s.io/argocd-server unchanged
configmap/argocd-cm unchanged
configmap/argocd-cmd-params-cm configured
configmap/argocd-gpg-keys-cm unchanged
configmap/argocd-notifications-cm unchanged
configmap/argocd-rbac-cm unchanged
configmap/argocd-ssh-known-hosts-cm unchanged
configmap/argocd-tls-certs-cm unchanged
secret/argocd-notifications-secret unchanged
secret/argocd-secret unchanged
service/argocd-applicationset-controller unchanged
service/argocd-dex-server unchanged
service/argocd-metrics unchanged
service/argocd-notifications-controller-metrics unchanged
service/argocd-redis unchanged
service/argocd-repo-server unchanged
service/argocd-server unchanged
service/argocd-server-metrics unchanged
deployment.apps/argocd-applicationset-controller unchanged
deployment.apps/argocd-dex-server unchanged
deployment.apps/argocd-notifications-controller unchanged
deployment.apps/argocd-redis unchanged
deployment.apps/argocd-repo-server unchanged
deployment.apps/argocd-server unchanged
statefulset.apps/argocd-application-controller unchanged
networkpolicy.networking.k8s.io/argocd-application-controller-network-policy configured
networkpolicy.networking.k8s.io/argocd-applicationset-controller-network-policy unchanged
networkpolicy.networking.k8s.io/argocd-dex-server-network-policy unchanged
networkpolicy.networking.k8s.io/argocd-notifications-controller-network-policy unchanged
networkpolicy.networking.k8s.io/argocd-redis-network-policy unchanged
networkpolicy.networking.k8s.io/argocd-repo-server-network-policy configured
networkpolicy.networking.k8s.io/argocd-server-network-policy unchanged
configmap/argocd-cmd-params-cm configured
ingress.networking.k8s.io/argocd unchanged
[Sun Nov 17 19:47:49 MSK 2024] [INFO] Initializing CI/CD pipeline...
[Sun Nov 17 19:47:49 MSK 2024] [INFO] Installing Tekton pipeline for apps
persistentvolumeclaim/shared-workspace-pvc unchanged
task.tekton.dev/dotnet-app-task configured
pipeline.tekton.dev/dotnet-app-pipeline configured
triggertemplate.triggers.tekton.dev/dotnet-app-build-template unchanged
triggerbinding.triggers.tekton.dev/dotnet-app-binding unchanged
eventlistener.triggers.tekton.dev/dotnet-app-build-listener configured
service/el-dotnet-app-build-listener-svc unchanged
ingress.networking.k8s.io/el-dotnet-app-build-listener-ing unchanged
persistentvolumeclaim/shared-workspace-pvc unchanged
task.tekton.dev/go-app-task configured
pipeline.tekton.dev/go-app-pipeline configured
triggertemplate.triggers.tekton.dev/go-app-build-template unchanged
triggerbinding.triggers.tekton.dev/go-app-binding unchanged
eventlistener.triggers.tekton.dev/go-app-build-listener configured
service/el-go-app-build-listener-svc unchanged
ingress.networking.k8s.io/el-go-app-build-listener-ing unchanged
persistentvolumeclaim/shared-workspace-pvc unchanged
task.tekton.dev/python-app-task configured
pipeline.tekton.dev/python-app-pipeline configured
triggertemplate.triggers.tekton.dev/python-app-build-template unchanged
triggerbinding.triggers.tekton.dev/python-app-binding unchanged
eventlistener.triggers.tekton.dev/python-app-build-listener configured
service/el-python-app-build-listener-svc unchanged
ingress.networking.k8s.io/el-python-app-build-listener-ing unchanged
secret/harbor-registry-secret unchanged
serviceaccount/pipeline unchanged
clusterrole.rbac.authorization.k8s.io/pipeline-cluster-role unchanged
clusterrolebinding.rbac.authorization.k8s.io/pipeline-cluster-role-binding unchanged
[Sun Nov 17 19:48:01 MSK 2024] [INFO] Initializing CD pipeline...
[Sun Nov 17 19:48:01 MSK 2024] [INFO] Init Argo CD pipeline
application.argoproj.io/go-app unchanged
application.argoproj.io/dotnet-app unchanged
application.argoproj.io/python-app unchanged
[Sun Nov 17 19:48:02 MSK 2024] [INFO] Installing monitoring...
[Sun Nov 17 19:48:02 MSK 2024] [INFO] Installing kube-prometheus-stack
[Sun Nov 17 19:48:03 MSK 2024] [INFO] kube-prometheus-stack already installed
